// Jest Snapshot v1, https://goo.gl/fbAQLP

exports[`Drawer render boolean 1`] = `
<div>
  <div
    class=""
  >
    <div
      class="drawer drawer-left drawer-open"
      tabindex="-1"
    >
      <div
        class="drawer-mask"
      />
      <div
        class="drawer-content-wrapper"
        style=""
      >
        <div
          class="drawer-content"
        >
          <p
            class="text"
          >
            Here is content of Drawer
          </p>
        </div>
        <div
          class="drawer-handle"
        >
          <i
            class="drawer-handle-icon"
          />
        </div>
      </div>
    </div>
  </div>
</div>
`;

exports[`Drawer render dom 1`] = `
<div>
  <div
    class="main"
  >
    <div>
      <div
        class="drawer drawer-left drawer-open"
        tabindex="-1"
      >
        <div
          class="drawer-mask"
        />
        <div
          class="drawer-content-wrapper"
          style=""
        >
          <div
            class="drawer-content"
          >
            <p
              class="text"
            >
              Here is content of Drawer
            </p>
          </div>
          <div
            class="drawer-handle"
          >
            <i
              class="drawer-handle-icon"
            />
          </div>
        </div>
      </div>
    </div>
  </div>
</div>
`;

exports[`Drawer render function 1`] = `
<div>
  <div
    class="main"
  >
    <div>
      <div
        class="drawer drawer-left drawer-open"
        tabindex="-1"
      >
        <div
          class="drawer-mask"
        />
        <div
          class="drawer-content-wrapper"
          style=""
        >
          <div
            class="drawer-content"
          >
            <p
              class="text"
            >
              Here is content of Drawer
            </p>
          </div>
          <div
            class="drawer-handle"
          >
            <i
              class="drawer-handle-icon"
            />
          </div>
        </div>
      </div>
    </div>
  </div>
</div>
`;
